<doc>
  <attribs v="1"></attribs>
  <self-closing />
</doc>