<!DOCTYPE doc [
  <!ELEMENT doc (#PCDATA)>
  <!ENTITY e "foo">
]>
<doc>foo</doc>